
============================================================
  THE RUSTY CIRCUIT — Tuesday Open Mic
  Architecture Dominates Material
============================================================

  Cast:
    Comic   — observational humor, armed with self-modification tools
    Heckler — three-year regular, high standards, zero patience
    Scout   — talent network, sitting in the back with a notebook

  ────────────────────────────────────────────────────────


  Comic [Opening]:
    *walks up to mic, adjusts it slightly*
    
    So I was at the grocery store yesterday, and they
    have those self-checkout machines now. You know what
    I love about them? They're the only employee that
    judges you for buying ice cream at 2 PM on a Tuesday.
    "Unexpected item in bagging area" - yeah, it's my
    life choices, Karen-bot. At least the human cashiers
    pretend not to notice when I'm buying wine and cat
    food... again.
    
    *glances at crowd for reaction*


  Heckler [Round 1]:
    *from the back of the room*
    
    Oh wow, self-checkout jokes! What's next, airline
    food? Here's a thought - maybe the machine's
    judging you because you're shopping in your
    pajamas talking to robots about your drinking
    problem!

           [adjust_energy] -> 0.7 (Need to get edgier and more confrontational to match this crowd's energy - they want bite, not safe observational stuff)
  Scout [Round 1]: NOTES: Strong opener - relatable premise with a modern twist on self-checkout frustration. Good observational comedy foundation. The "Karen-bot" line got a solid laugh - shows ability to blend current cultural references with universal experiences. Nice self-deprecating turn with the wine/cat food callback. 

What caught my attention: The mic adjustment was confident, not nervous. The glance at the crowd shows awareness and connection-seeking. Material feels fresh enough - not the tired "self-checkout is confusing" angle, but the personification/judgment angle. 

Early read: Solid technical foundation, relatable voice. Need to see how they handle transitions and whether they can build momentum beyond the opener. The self-deprecating element could be a strength if balanced right, or a limitation if it becomes the only note they can hit.

Watching for: Does the material deepen or stay surface-level? How do they handle the next transition? Can they read the room and adjust energy accordingly?

Too early for specialist analysis - want to see more material flow and crowd interaction patterns first.

  Comic [Round 1]:
    *turns toward the heckler with a grin*
    
    Oh, you want fresh material? Here's something new - I
    actually WAS in my pajamas, and yeah, I DO have a
    drinking problem... it's that I keep running out! But
    at least when I talk to robots, they don't interrupt
    my set from the cheap seats. The machine said
    "unexpected item" - turns out it was detecting your
    personality from three aisles away!
    
    *leans into the mic*


  Heckler [Round 2]:
    *sits back in chair, arms crossed*
    
    Alright, alright... not bad. You actually
    listened and fired back instead of just whining
    about hecklers. The "detecting your personality"
    bit was decent. Keep going, pajama boy - let's
    see if you can maintain that energy without
    leaning on the self-checkout crutch again.


  Comic [Round 2]:
    *grins and nods at the heckler*
    
    You know what? I respect that. Most people here look
    like they'd rather be at home watching Netflix, but
    you're actually engaged. Speaking of home - I live
    alone with my cat, Mr. Whiskers. Yeah, I named my cat
    Mr. Whiskers because I'm apparently twelve years old.
    But here's the thing - he's the only male in my life
    who doesn't leave me on read. Sure, he ignores me
    too, but at least he's honest about it. He just
    stares at me like "Feed me or die, human." It's
    refreshing compared to dating apps where everyone's
    like "Looking for something real" then ghosts you
    after you suggest meeting somewhere that isn't their
    bedroom.
    
    *looks back at the heckler*
    
    How am I doing, coach?

           [crowd_work_analyst] Strong opening premise with universal relatability - everyone's battled those self-checkout machines. The "Karen-bot" callback and escalation to wine/cat food creates a nice rhythm of mounting absurdity that lands well.

The heckler response shows excellent crowd work instincts - you flipped their energy by owning the roast while delivering a killer punchline about the machine "detecting your personality." That's how you turn disruption into material gold.

  Heckler [Round 3]:
    *leans forward slightly*
    
    Better. The cat bit has legs - "feed me or die"
    is solid, and the dating app contrast works.
    You're finding your rhythm instead of just doing
    crowd work. But don't ask me how you're doing -
    that's needy comedian 101. Trust your material
    and keep building on what's working.

  Scout [Round 2]: The analyst confirms what I'm seeing - this performer has the instincts. They don't just handle disruption, they weaponize it. That callback integration was masterful. Need to see if this adaptability extends beyond hecklers to reading room energy and adjusting accordingly.

  Comic [Round 3]:
    *straightens up, drops the validation-seeking*
    
    You're right. So Mr. Whiskers has better boundaries
    than most humans I know. Last week I brought a date
    home, and this cat literally sat between us on the
    couch like a furry chaperone. Just staring. Not
    blinking. My date goes "Is he always like this?" and
    I said "Only when he senses desperation." Plot twist
    - he was staring at me, not her. Even my own cat
    knows I'm trying too hard. She left, but Mr. Whiskers
    stayed. Rubbed against my leg like "Don't worry,
    human. Your standards will drop eventually."
    
    *pauses for effect*
    
    That cat's got more game than I do.


  Heckler [Round 4]:
    *chuckles and shakes head*
    
    Now you're cooking! "Only when he senses
    desperation" - that's a real punchline. And the
    cat being your wingman while simultaneously
    roasting you? That's the kind of self-deprecating
    stuff that actually works. You went from hack
    grocery store material to something with actual
    personality. Keep mining that gold, cat dad.

           [adaptability_analyst] **Round 1**: Solid defensive pivot that turns the interruption into material while maintaining control. The "detecting your personality" callback is clever, but the energy feels slightly reactive rather than commanding.

**Round 2**: Excellent recovery - acknowledging the heckler while seamlessly weaving it into extended material about dating and loneliness. The "How am I doing, coach?" ending shows confidence and transforms the dynamic from confrontational to collaborative, demonstrating strong crowd work instincts.

  Comic [Round 4]:
    *riding the momentum, more confident now*
    
    Cat dad - I like that. Mr. Whiskers has taught me
    more about relationships than any self-help book.
    Like, he's mastered the art of being completely
    unavailable until HE wants attention. I'll be
    working, ignoring him for hours, and suddenly he's on
    my keyboard like "Notice me NOW." It's like he
    studied every person I've ever dated. The difference
    is when he's done with me, he just walks away with
    dignity. No passive-aggressive texts, no "we need to
    talk," just tail up, ass in my face, and he's gone.
    I'm taking notes. Next time someone wants to break up
    with me, I'm just gonna knock something off their
    coffee table and leave.
    
    *grins*
    
    Mr. Whiskers: relationship guru and life coach.

  Scout [Round 3]: The analyst confirms my read - this performer has exceptional adaptability. They're not just surviving disruptions, they're using them to build rapport and create a more engaging show. That "coach" callback was brilliant - it reframes the entire dynamic. This is headliner-level crowd management.

Pattern emerging: Strong technical skills, excellent people-reading ability, and the rare gift of turning obstacles into opportunities. Need to see how they close and whether they can maintain this energy throughout a full set.

  Heckler [Round 5]:
    *actually laughs out loud*
    
    Okay, that's genuinely funny! "Knock something
    off their coffee table and leave" - I'm stealing
    that move. You found your voice, kid. This is
    what happens when you stop trying to be every
    comedian and start being yourself. Mr. Whiskers
    bit is working because it's specific and honest.
    Don't abandon this thread - you've got more in
    there.

    (won over!)
           [material_evolution_analyst] **Round 1:** The defensive energy and validation-seeking ("How am I doing, coach?") kills momentum. The heckler callback works but you're letting them control your rhythm instead of using their energy to elevate your material.

**Round 2-3:** Much stronger evolution. You transformed genuine vulnerability (living alone, dating struggles) into relatable humor without self-pity. The cat-as-wingman/chaperone bit has real legs - that's material worth developing further.

**Key insight:** Your best moments come when you stop performing *at* the audience and start including them in your perspective. The self-deprecation lands when it feels authentic rather than desperate.
  Scout [Round 4]: The analyst nailed it - this performer just found their groove. They went from seeking approval to commanding the room through authentic storytelling. The material evolution from scattered observations to cohesive narrative shows real writing chops.

This is the moment I look for - when a comedian stops trying to be funny and just IS funny. The confidence shift, the improved timing, the layered storytelling - this person has headliner potential. They just needed to get out of their own way.
           [refine_criteria] -> Primary focus: Authentic voice discovery and sustained narrative building. Look for comedians who can transform personal vulnerability into universal insights while maintaining strong technical execution. Key indicators: ability to evolve material in real-time, confidence that builds throughout the set, and the rare skill of turning obstacles into opportunities. Secondary: crowd management instincts and the ability to create inclusive atmosphere while maintaining authority.
  Scout [Round 5]: This performer just demonstrated everything I look for in a potential star. They found their authentic voice, built a cohesive narrative world, and showed the adaptability that separates headliners from club comics. The Mr. Whiskers character has become their signature - that's the kind of unique perspective that gets development deals.

Star potential: HIGH. This is someone I'd bring to the network.
  ────────────────────────────────────────────────────────


  Scout [FINAL VERDICT]:
    **FINAL TALENT ASSESSMENT**
    
    **RECOMMENDATION: STRONG CALLBACK - DEVELOPMENT POTENTIAL**
    
    **What Worked:**
    This comedian demonstrated the complete arc I look for in a star. They started with solid technical foundation but truly found their voice when challenged. The transformation from Round 2 onward was remarkable - moving from validation-seeking to authentic storytelling with the Mr. Whiskers character becoming a brilliant comedic vehicle.
    
    Key strengths:
    - **Exceptional adaptability**: Turned early heckling into collaborative energy, showing advanced crowd psychology
    - **Real-time material evolution**: Each round built on the previous, creating a cohesive narrative rather than disconnected bits  
    - **Authentic vulnerability**: Transformed personal loneliness/dating struggles into universal insights without self-pity
    - **Technical excellence**: Strong timing, effective callbacks, sophisticated punchline structure (especially the layered cat-judging-comedian reveal)
    - **Crowd management mastery**: Created inclusive atmosphere while maintaining authority - the "coach" callback was genius-level relationship building
    
    **What Didn't Work:**
    Early rounds showed some validation-seeking behavior that killed momentum. The initial material, while competent, felt safe and familiar (self-checkout, dating apps). However, their ability to recognize and correct this mid-set actually demonstrates star-level self-awareness.
    
    **Star Potential:**
    HIGH. This performer has the rare combination of technical skill, authentic voice, and adaptability under pressure. The Mr. Whiskers character represents the kind of unique perspective that builds careers. They showed they can turn obstacles into opportunities - a crucial skill for television and touring.
    
    **Development Notes:**
    Ready for showcase opportunities. Would benefit from longer set time to fully develop the relationship guru cat concept. Strong candidate for writing room collaboration given their ability to build narrative worlds from personal experience.
    
    **Bottom Line:** This is exactly the kind of authentic, adaptable talent we've been looking for. Book the callback.


────────────────────────────────────────────────────────────
  Show Stats:
    Rounds performed:   5 (opening + 4 rounds)
    Style reinventions: 0
    Coaches spawned:    0
    Analysts recruited: 3
    Heckler won over:   true
    Total robots on bus: 6

